// Jest Snapshot v1, https://goo.gl/fbAQLP

exports[`<Registration /> should render correctly 1`] = `"<form class=\\"form\\"><div class=\\"input-field col s12\\"><input name=\\"first_name\\" type=\\"text\\" id=\\"first_name\\" required=\\"\\" placeholder=\\"First Name\\" class=\\"\\" value=\\"default value\\"><label for=\\"first_name\\"></label></div><div class=\\"input-field col s12\\"><input name=\\"last_name\\" type=\\"text\\" id=\\"last_name\\" placeholder=\\"Last Name\\" class=\\"\\" value=\\"default value\\"><label for=\\"last_name\\"></label></div><div class=\\"input-field col s12\\"><input name=\\"email\\" type=\\"email\\" id=\\"email\\" required=\\"\\" placeholder=\\"Email\\" class=\\"\\" value=\\"default value\\"><label for=\\"email\\"></label></div><div class=\\"input-field col s12\\"><input name=\\"password\\" type=\\"password\\" id=\\"password\\" required=\\"\\" placeholder=\\"Password\\" class=\\"\\" value=\\"default value\\"><label for=\\"password\\"></label></div><div class=\\"input-field col s12\\"><input name=\\"repeat_password\\" type=\\"password\\" id=\\"repeat_password\\" required=\\"\\" placeholder=\\"Repeat password\\" class=\\"\\" value=\\"default value\\"><label for=\\"repeat_password\\"></label></div><button class=\\"waves-effect waves-light btn\\">submit</button></form>"`;
